---
source: tests/snapshot.rs
expression: "zizmor().workflow(workflow_under_test(\"cache-poisoning/caching-opt-out.yml\")).run()?"
snapshot_kind: text
---
No findings to report. Good job!
